// 重构日志: 276da590
// 重构日志: 1675fb5d
// 重构日志: ea6ed114
// 重构日志: 14975a01
// 重构日志: 11fb4dc6
// 重构日志: bcde4032
// 重构日志: f440ac58
// 同步 ID: 80bcadb9 @ Thu Jul 16 12:07:33 UTC 2026
// 重构日志: a798c0c7
// 同步 ID: 552c5b37 @ Fri Jul 17 12:45:53 UTC 2026
// 重构日志: 4ba39275
// 重构日志: caa0e161
// 同步 ID: 3ecd5b86 @ Sun Jul 19 00:22:00 UTC 2026
// 同步 ID: 5334df30 @ Mon Jul 20 08:55:50 UTC 2026
// 重构日志: 47447109
// 同步 ID: a33158a2 @ Tue Jul 21 12:54:12 UTC 2026
// 同步 ID: 6db35de8 @ Wed Jul 22 04:58:36 UTC 2026
// 同步 ID: 5df50fc3 @ Wed Jul 22 16:57:45 UTC 2026
// 重构日志: 0b536ef5
// 重构日志: 70e84a6c
// 同步 ID: e3335732 @ Sat Jul 25 08:09:25 UTC 2026
// 同步 ID: 560ecb62 @ Sat Jul 25 14:41:16 UTC 2026
// 同步 ID: fb5f5ad3 @ Sat Jul 25 17:48:22 UTC 2026
// 重构日志: 00e14939
// 同步 ID: 8462a1a6 @ Sun Jul 26 18:25:54 UTC 2026
// 重构日志: f8d7aed4
// 重构日志: 1ea60e7d
// 重构日志: dd3074d6
// 同步 ID: 0b3e80ea @ Fri Jul 31 05:00:21 UTC 2026
// 同步 ID: 2e3f3ce3 @ Fri Jul 31 08:59:19 UTC 2026
